5241 train / 582 validation images
validation: 4656 candidates (4 rounds, evaluation draw)
AdamW lr 0.001 (image branch x0.1), weight decay 0.01; batch 32 x 2, ghost BN 8, amp=True; 164 steps/epoch, warmup 2, cosine over 160 epochs; EMA 0.998
epoch 1/160 loss=1.8028 val_loss=0.6936 val_acc=0.509 val_auc=0.5153  *best* (45s)
epoch 2/160 loss=1.3960 val_loss=0.6941 val_acc=0.509 val_auc=0.5667  *best* (38s)
epoch 3/160 loss=1.1836 val_loss=0.6789 val_acc=0.573 val_auc=0.7087  *best* (38s)
epoch 4/160 loss=1.0619 val_loss=0.6460 val_acc=0.649 val_auc=0.7254  *best* (37s)
epoch 5/160 loss=0.9777 val_loss=0.6297 val_acc=0.604 val_auc=0.7290  *best* (37s)
epoch 6/160 loss=0.9305 val_loss=0.6552 val_acc=0.587 val_auc=0.7511  *best* (37s)
epoch 7/160 loss=0.8826 val_loss=0.6978 val_acc=0.580 val_auc=0.7706  *best* (37s)
epoch 8/160 loss=0.8404 val_loss=0.7648 val_acc=0.579 val_auc=0.7872  *best* (37s)
epoch 9/160 loss=0.8001 val_loss=0.7705 val_acc=0.586 val_auc=0.8086  *best* (38s)
epoch 10/160 loss=0.7680 val_loss=0.7405 val_acc=0.587 val_auc=0.8349  *best* (37s)
epoch 11/160 loss=0.7566 val_loss=0.6755 val_acc=0.619 val_auc=0.8548  *best* (38s)
epoch 12/160 loss=0.7360 val_loss=0.5834 val_acc=0.673 val_auc=0.8724  *best* (37s)
epoch 13/160 loss=0.7208 val_loss=0.4663 val_acc=0.758 val_auc=0.8919  *best* (37s)
epoch 14/160 loss=0.7383 val_loss=0.3641 val_acc=0.834 val_auc=0.9119  *best* (37s)
epoch 15/160 loss=0.6962 val_loss=0.3202 val_acc=0.873 val_auc=0.9233  *best* (37s)
epoch 16/160 loss=0.6766 val_loss=0.3094 val_acc=0.881 val_auc=0.9272  *best* (37s)
epoch 17/160 loss=0.6717 val_loss=0.3018 val_acc=0.885 val_auc=0.9297  *best* (37s)
epoch 18/160 loss=0.6661 val_loss=0.2975 val_acc=0.885 val_auc=0.9313  *best* (37s)
epoch 19/160 loss=0.6432 val_loss=0.2971 val_acc=0.886 val_auc=0.9313 (37s)
epoch 20/160 loss=0.6437 val_loss=0.2977 val_acc=0.886 val_auc=0.9313  *best* (38s)
epoch 21/160 loss=0.6118 val_loss=0.2981 val_acc=0.885 val_auc=0.9318  *best* (37s)
epoch 22/160 loss=0.6236 val_loss=0.2975 val_acc=0.889 val_auc=0.9325  *best* (38s)
epoch 23/160 loss=0.6085 val_loss=0.2976 val_acc=0.886 val_auc=0.9331  *best* (37s)
epoch 24/160 loss=0.5900 val_loss=0.2977 val_acc=0.885 val_auc=0.9336  *best* (38s)
epoch 25/160 loss=0.5846 val_loss=0.3003 val_acc=0.883 val_auc=0.9340  *best* (38s)
epoch 26/160 loss=0.5783 val_loss=0.3013 val_acc=0.881 val_auc=0.9346  *best* (38s)
epoch 27/160 loss=0.5646 val_loss=0.3017 val_acc=0.881 val_auc=0.9353  *best* (37s)
epoch 28/160 loss=0.5632 val_loss=0.3032 val_acc=0.881 val_auc=0.9361  *best* (37s)
epoch 29/160 loss=0.5473 val_loss=0.3061 val_acc=0.881 val_auc=0.9364  *best* (37s)
epoch 30/160 loss=0.5491 val_loss=0.3099 val_acc=0.879 val_auc=0.9364  *best* (37s)
epoch 31/160 loss=0.5528 val_loss=0.3137 val_acc=0.877 val_auc=0.9364  *best* (37s)
epoch 32/160 loss=0.5566 val_loss=0.3166 val_acc=0.877 val_auc=0.9366  *best* (37s)
epoch 33/160 loss=0.5367 val_loss=0.3213 val_acc=0.874 val_auc=0.9368  *best* (37s)
epoch 34/160 loss=0.5301 val_loss=0.3284 val_acc=0.872 val_auc=0.9367 (37s)
epoch 35/160 loss=0.5195 val_loss=0.3301 val_acc=0.872 val_auc=0.9367 (38s)
epoch 36/160 loss=0.5163 val_loss=0.3348 val_acc=0.869 val_auc=0.9368  *best* (38s)
epoch 37/160 loss=0.5090 val_loss=0.3406 val_acc=0.866 val_auc=0.9368 (38s)
epoch 38/160 loss=0.4938 val_loss=0.3469 val_acc=0.866 val_auc=0.9373  *best* (38s)
epoch 39/160 loss=0.5078 val_loss=0.3535 val_acc=0.863 val_auc=0.9367 (37s)
epoch 40/160 loss=0.4954 val_loss=0.3612 val_acc=0.861 val_auc=0.9361 (37s)
epoch 41/160 loss=0.4997 val_loss=0.3693 val_acc=0.859 val_auc=0.9360 (38s)
epoch 42/160 loss=0.4933 val_loss=0.3765 val_acc=0.857 val_auc=0.9359 (37s)
epoch 43/160 loss=0.4740 val_loss=0.3836 val_acc=0.857 val_auc=0.9361 (39s)
epoch 44/160 loss=0.4714 val_loss=0.3874 val_acc=0.853 val_auc=0.9362 (37s)
epoch 45/160 loss=0.4754 val_loss=0.3905 val_acc=0.850 val_auc=0.9371 (37s)
epoch 46/160 loss=0.4765 val_loss=0.3911 val_acc=0.851 val_auc=0.9376  *best* (38s)
epoch 47/160 loss=0.4654 val_loss=0.3920 val_acc=0.848 val_auc=0.9385  *best* (39s)
epoch 48/160 loss=0.4431 val_loss=0.3956 val_acc=0.848 val_auc=0.9391  *best* (38s)
epoch 49/160 loss=0.4664 val_loss=0.4056 val_acc=0.846 val_auc=0.9394  *best* (37s)
epoch 50/160 loss=0.4437 val_loss=0.4143 val_acc=0.842 val_auc=0.9397  *best* (38s)
epoch 51/160 loss=0.4448 val_loss=0.4229 val_acc=0.839 val_auc=0.9394 (37s)
epoch 52/160 loss=0.4585 val_loss=0.4255 val_acc=0.838 val_auc=0.9398  *best* (39s)
epoch 53/160 loss=0.4327 val_loss=0.4349 val_acc=0.835 val_auc=0.9396 (38s)
epoch 54/160 loss=0.4371 val_loss=0.4419 val_acc=0.832 val_auc=0.9393 (37s)
epoch 55/160 loss=0.4239 val_loss=0.4471 val_acc=0.833 val_auc=0.9392 (37s)
epoch 56/160 loss=0.4196 val_loss=0.4583 val_acc=0.826 val_auc=0.9391 (37s)
epoch 57/160 loss=0.4294 val_loss=0.4627 val_acc=0.825 val_auc=0.9393 (37s)
epoch 58/160 loss=0.4178 val_loss=0.4685 val_acc=0.826 val_auc=0.9391 (38s)
epoch 59/160 loss=0.4395 val_loss=0.4696 val_acc=0.824 val_auc=0.9394 (37s)
epoch 60/160 loss=0.4088 val_loss=0.4746 val_acc=0.823 val_auc=0.9393 (37s)
epoch 61/160 loss=0.4025 val_loss=0.4854 val_acc=0.822 val_auc=0.9394 (38s)
epoch 62/160 loss=0.4153 val_loss=0.4911 val_acc=0.819 val_auc=0.9392 (38s)
epoch 63/160 loss=0.4058 val_loss=0.4998 val_acc=0.818 val_auc=0.9395 (38s)
epoch 64/160 loss=0.3971 val_loss=0.5136 val_acc=0.817 val_auc=0.9393 (37s)
epoch 65/160 loss=0.4135 val_loss=0.5320 val_acc=0.814 val_auc=0.9387 (37s)
epoch 66/160 loss=0.3996 val_loss=0.5352 val_acc=0.812 val_auc=0.9390 (37s)
epoch 67/160 loss=0.3946 val_loss=0.5382 val_acc=0.812 val_auc=0.9390 (37s)
epoch 68/160 loss=0.3969 val_loss=0.5493 val_acc=0.810 val_auc=0.9392 (36s)
epoch 69/160 loss=0.3891 val_loss=0.5566 val_acc=0.809 val_auc=0.9394 (37s)
epoch 70/160 loss=0.3847 val_loss=0.5615 val_acc=0.809 val_auc=0.9394 (38s)
epoch 71/160 loss=0.3794 val_loss=0.5703 val_acc=0.807 val_auc=0.9395 (37s)
epoch 72/160 loss=0.3890 val_loss=0.5799 val_acc=0.803 val_auc=0.9393 (38s)
epoch 73/160 loss=0.3714 val_loss=0.5893 val_acc=0.801 val_auc=0.9394 (38s)
epoch 74/160 loss=0.3605 val_loss=0.6103 val_acc=0.798 val_auc=0.9397 (38s)
epoch 75/160 loss=0.3677 val_loss=0.6220 val_acc=0.796 val_auc=0.9397 (37s)
epoch 76/160 loss=0.3607 val_loss=0.6316 val_acc=0.794 val_auc=0.9401  *best* (37s)
epoch 77/160 loss=0.3659 val_loss=0.6467 val_acc=0.794 val_auc=0.9402  *best* (37s)
epoch 78/160 loss=0.3524 val_loss=0.6615 val_acc=0.790 val_auc=0.9403  *best* (37s)
epoch 79/160 loss=0.3554 val_loss=0.6647 val_acc=0.790 val_auc=0.9405  *best* (37s)
epoch 80/160 loss=0.3649 val_loss=0.6712 val_acc=0.786 val_auc=0.9406  *best* (37s)
epoch 81/160 loss=0.3495 val_loss=0.6768 val_acc=0.783 val_auc=0.9408  *best* (36s)
epoch 82/160 loss=0.3481 val_loss=0.6912 val_acc=0.780 val_auc=0.9408  *best* (38s)
epoch 83/160 loss=0.3553 val_loss=0.6950 val_acc=0.777 val_auc=0.9410  *best* (36s)
epoch 84/160 loss=0.3470 val_loss=0.7032 val_acc=0.771 val_auc=0.9411  *best* (37s)
epoch 85/160 loss=0.3470 val_loss=0.7233 val_acc=0.767 val_auc=0.9406 (36s)
epoch 86/160 loss=0.3520 val_loss=0.7362 val_acc=0.764 val_auc=0.9406 (37s)
epoch 87/160 loss=0.3356 val_loss=0.7563 val_acc=0.761 val_auc=0.9401 (37s)
epoch 88/160 loss=0.3442 val_loss=0.7653 val_acc=0.759 val_auc=0.9397 (37s)
epoch 89/160 loss=0.3337 val_loss=0.7795 val_acc=0.756 val_auc=0.9398 (37s)
epoch 90/160 loss=0.3298 val_loss=0.7792 val_acc=0.756 val_auc=0.9400 (37s)
epoch 91/160 loss=0.3282 val_loss=0.7861 val_acc=0.753 val_auc=0.9399 (37s)
epoch 92/160 loss=0.3281 val_loss=0.8084 val_acc=0.746 val_auc=0.9394 (36s)
epoch 93/160 loss=0.3168 val_loss=0.8269 val_acc=0.744 val_auc=0.9397 (37s)
epoch 94/160 loss=0.3226 val_loss=0.8141 val_acc=0.747 val_auc=0.9405 (37s)
epoch 95/160 loss=0.3309 val_loss=0.8280 val_acc=0.744 val_auc=0.9406 (37s)
epoch 96/160 loss=0.3172 val_loss=0.8494 val_acc=0.745 val_auc=0.9399 (37s)
epoch 97/160 loss=0.3092 val_loss=0.8678 val_acc=0.742 val_auc=0.9395 (37s)
epoch 98/160 loss=0.3125 val_loss=0.8731 val_acc=0.739 val_auc=0.9391 (37s)
epoch 99/160 loss=0.2995 val_loss=0.8863 val_acc=0.741 val_auc=0.9388 (36s)
epoch 100/160 loss=0.3109 val_loss=0.8922 val_acc=0.740 val_auc=0.9390 (36s)
epoch 101/160 loss=0.2998 val_loss=0.9100 val_acc=0.737 val_auc=0.9390 (37s)
epoch 102/160 loss=0.3108 val_loss=0.9230 val_acc=0.733 val_auc=0.9389 (37s)
epoch 103/160 loss=0.3162 val_loss=0.9207 val_acc=0.734 val_auc=0.9391 (37s)
epoch 104/160 loss=0.2964 val_loss=0.9472 val_acc=0.730 val_auc=0.9386 (36s)
epoch 105/160 loss=0.2989 val_loss=0.9581 val_acc=0.730 val_auc=0.9382 (36s)
epoch 106/160 loss=0.3090 val_loss=0.9708 val_acc=0.728 val_auc=0.9379 (37s)
epoch 107/160 loss=0.2965 val_loss=0.9819 val_acc=0.724 val_auc=0.9381 (36s)
epoch 108/160 loss=0.2796 val_loss=0.9924 val_acc=0.724 val_auc=0.9376 (36s)
epoch 109/160 loss=0.2852 val_loss=1.0206 val_acc=0.721 val_auc=0.9372 (36s)
epoch 110/160 loss=0.2977 val_loss=1.0261 val_acc=0.721 val_auc=0.9373 (37s)
epoch 111/160 loss=0.2996 val_loss=1.0294 val_acc=0.723 val_auc=0.9371 (37s)
epoch 112/160 loss=0.2884 val_loss=1.0423 val_acc=0.719 val_auc=0.9365 (37s)
epoch 113/160 loss=0.2841 val_loss=1.0498 val_acc=0.718 val_auc=0.9363 (37s)
epoch 114/160 loss=0.2817 val_loss=1.0726 val_acc=0.716 val_auc=0.9359 (37s)
epoch 115/160 loss=0.2806 val_loss=1.0751 val_acc=0.713 val_auc=0.9360 (37s)
epoch 116/160 loss=0.2779 val_loss=1.0848 val_acc=0.713 val_auc=0.9361 (36s)
epoch 117/160 loss=0.2689 val_loss=1.1142 val_acc=0.709 val_auc=0.9357 (37s)
epoch 118/160 loss=0.2678 val_loss=1.1418 val_acc=0.705 val_auc=0.9352 (37s)
epoch 119/160 loss=0.2677 val_loss=1.1556 val_acc=0.705 val_auc=0.9352 (37s)
epoch 120/160 loss=0.2685 val_loss=1.1705 val_acc=0.704 val_auc=0.9351 (37s)
epoch 121/160 loss=0.2628 val_loss=1.1964 val_acc=0.704 val_auc=0.9345 (38s)
epoch 122/160 loss=0.2714 val_loss=1.2018 val_acc=0.706 val_auc=0.9343 (38s)
epoch 123/160 loss=0.2696 val_loss=1.2287 val_acc=0.703 val_auc=0.9338 (37s)
epoch 124/160 loss=0.2707 val_loss=1.2239 val_acc=0.703 val_auc=0.9341 (37s)
epoch 125/160 loss=0.2653 val_loss=1.2378 val_acc=0.700 val_auc=0.9336 (38s)
epoch 126/160 loss=0.2570 val_loss=1.2620 val_acc=0.696 val_auc=0.9334 (38s)
epoch 127/160 loss=0.2606 val_loss=1.3023 val_acc=0.692 val_auc=0.9329 (37s)
epoch 128/160 loss=0.2534 val_loss=1.3280 val_acc=0.689 val_auc=0.9324 (37s)
epoch 129/160 loss=0.2549 val_loss=1.3414 val_acc=0.688 val_auc=0.9320 (37s)
epoch 130/160 loss=0.2616 val_loss=1.3563 val_acc=0.689 val_auc=0.9317 (37s)
epoch 131/160 loss=0.2601 val_loss=1.3552 val_acc=0.686 val_auc=0.9316 (37s)
epoch 132/160 loss=0.2512 val_loss=1.3741 val_acc=0.685 val_auc=0.9311 (36s)
epoch 133/160 loss=0.2531 val_loss=1.3778 val_acc=0.684 val_auc=0.9305 (39s)
epoch 134/160 loss=0.2458 val_loss=1.3884 val_acc=0.682 val_auc=0.9304 (38s)
epoch 135/160 loss=0.2545 val_loss=1.3888 val_acc=0.681 val_auc=0.9304 (36s)
epoch 136/160 loss=0.2424 val_loss=1.3989 val_acc=0.682 val_auc=0.9304 (37s)
epoch 137/160 loss=0.2548 val_loss=1.4000 val_acc=0.682 val_auc=0.9306 (37s)
epoch 138/160 loss=0.2474 val_loss=1.4107 val_acc=0.681 val_auc=0.9307 (37s)
epoch 139/160 loss=0.2429 val_loss=1.4336 val_acc=0.680 val_auc=0.9306 (37s)
epoch 140/160 loss=0.2407 val_loss=1.4433 val_acc=0.680 val_auc=0.9305 (37s)
epoch 141/160 loss=0.2524 val_loss=1.4639 val_acc=0.677 val_auc=0.9302 (37s)
epoch 142/160 loss=0.2492 val_loss=1.4737 val_acc=0.676 val_auc=0.9300 (37s)
epoch 143/160 loss=0.2370 val_loss=1.4876 val_acc=0.675 val_auc=0.9298 (36s)
epoch 144/160 loss=0.2488 val_loss=1.4958 val_acc=0.673 val_auc=0.9299 (37s)
epoch 145/160 loss=0.2453 val_loss=1.5130 val_acc=0.671 val_auc=0.9295 (36s)
epoch 146/160 loss=0.2412 val_loss=1.5059 val_acc=0.671 val_auc=0.9296 (37s)
epoch 147/160 loss=0.2455 val_loss=1.5211 val_acc=0.670 val_auc=0.9291 (37s)
epoch 148/160 loss=0.2481 val_loss=1.5279 val_acc=0.670 val_auc=0.9287 (37s)
epoch 149/160 loss=0.2361 val_loss=1.5379 val_acc=0.669 val_auc=0.9286 (37s)
epoch 150/160 loss=0.2427 val_loss=1.5425 val_acc=0.669 val_auc=0.9287 (37s)
epoch 151/160 loss=0.2432 val_loss=1.5497 val_acc=0.669 val_auc=0.9287 (36s)
epoch 152/160 loss=0.2354 val_loss=1.5484 val_acc=0.668 val_auc=0.9287 (36s)
epoch 153/160 loss=0.2366 val_loss=1.5541 val_acc=0.668 val_auc=0.9286 (36s)
epoch 154/160 loss=0.2433 val_loss=1.5652 val_acc=0.667 val_auc=0.9283 (37s)
epoch 155/160 loss=0.2471 val_loss=1.5724 val_acc=0.666 val_auc=0.9283 (37s)
epoch 156/160 loss=0.2299 val_loss=1.5687 val_acc=0.667 val_auc=0.9283 (36s)
epoch 157/160 loss=0.2472 val_loss=1.5632 val_acc=0.669 val_auc=0.9283 (36s)
epoch 158/160 loss=0.2333 val_loss=1.5596 val_acc=0.669 val_auc=0.9284 (36s)
epoch 159/160 loss=0.2445 val_loss=1.5568 val_acc=0.669 val_auc=0.9284 (36s)
epoch 160/160 loss=0.2452 val_loss=1.5558 val_acc=0.669 val_auc=0.9285 (37s)
best validation ROC-AUC 0.9411 (epoch 84); artifacts in artifacts/
